2026-03-20 12:43:25,794 [INFO] __main__:   Susceptible EC126: 3 experiments
2026-03-20 12:43:25,794 [INFO] __main__:   Susceptible EC33: 2 experiments
2026-03-20 12:43:25,794 [INFO] __main__:   Susceptible EC36: 3 experiments
2026-03-20 12:43:25,794 [INFO] __main__:   Susceptible EC39: 3 experiments
2026-03-20 12:43:25,794 [INFO] __main__:   Susceptible EC42: 3 experiments
2026-03-20 12:43:25,794 [INFO] __main__:   Susceptible EC67: 3 experiments
2026-03-20 12:43:25,794 [INFO] __main__:   Susceptible EC79: 3 experiments
2026-03-20 12:43:25,794 [INFO] __main__:   Susceptible EC89: 3 experiments
2026-03-20 12:43:25,794 [INFO] __main__:   Resistant EC35: 3 experiments
2026-03-20 12:43:25,794 [INFO] __main__:   Resistant EC40: 3 experiments
2026-03-20 12:43:25,794 [INFO] __main__:   Resistant EC48: 2 experiments
2026-03-20 12:43:25,794 [INFO] __main__:   Resistant EC58: 3 experiments
2026-03-20 12:43:25,794 [INFO] __main__:   Resistant EC60: 3 experiments
2026-03-20 12:43:25,794 [INFO] __main__:   Resistant EC65: 2 experiments
2026-03-20 12:43:25,794 [INFO] __main__:   Resistant EC87: 3 experiments
2026-03-20 12:43:25,794 [INFO] ast_classifier.scripts.strain_holdout_eval: Strains: 7 resistant (['EC35', 'EC40', 'EC48', 'EC58', 'EC60', 'EC65', 'EC87']), 8 susceptible (['EC126', 'EC33', 'EC36', 'EC39', 'EC42', 'EC67', 'EC79', 'EC89'])
2026-03-20 12:43:25,795 [INFO] __main__: 
============================================================
2026-03-20 12:43:25,795 [INFO] __main__: FOLD 1/5
2026-03-20 12:43:25,795 [INFO] __main__: ============================================================
2026-03-20 12:43:25,795 [INFO] __main__: Fold 0: 24 train, 6 val, 12 test | Holdout R: ['EC58', 'EC87'], S: ['EC36', 'EC39']
2026-03-20 12:43:32,895 [INFO] __main__:   Train: 167741 crops (R=100000, S=67741)
2026-03-20 12:43:32,895 [INFO] __main__:   Val:   40340 crops (R=11433, S=28907)
2026-03-20 12:43:33,169 [INFO] __main__:   Class weights: S=1.24, R=0.84
2026-03-20 12:43:33,175 [INFO] __main__:   CropMLP parameters: 58,050
2026-03-20 12:44:01,194 [INFO] __main__:   Fold 0 Epoch 20 - Loss: 0.6923 Val AUC: 0.6500
2026-03-20 12:44:27,068 [INFO] __main__:   Fold 0 Epoch 40 - Loss: 0.6921 Val AUC: 0.6346
2026-03-20 12:44:28,197 [INFO] __main__:   Fold 0 best val AUC: 0.7144
2026-03-20 12:44:31,780 [INFO] __main__:   Fold 0 test: Accuracy=0.5000, AUROC=0.7500
2026-03-20 12:44:31,780 [INFO] __main__:     @ 5min: 0.5000
2026-03-20 12:44:31,780 [INFO] __main__:     @10min: 0.5000
2026-03-20 12:44:31,780 [INFO] __main__:     @15min: 0.5000
2026-03-20 12:44:31,780 [INFO] __main__:     @20min: 0.5833
2026-03-20 12:44:31,780 [INFO] __main__:     @25min: 0.4167
2026-03-20 12:44:31,780 [INFO] __main__:     @30min: 0.5833
2026-03-20 12:44:31,780 [INFO] __main__:     @40min: 0.5833
2026-03-20 12:44:31,780 [INFO] __main__:     @50min: 0.5833
2026-03-20 12:44:31,780 [INFO] __main__:     @60min: 0.5000
2026-03-20 12:44:32,135 [INFO] __main__: 
============================================================
2026-03-20 12:44:32,135 [INFO] __main__: FOLD 2/5
2026-03-20 12:44:32,135 [INFO] __main__: ============================================================
2026-03-20 12:44:32,135 [INFO] __main__: Fold 1: 25 train, 6 val, 11 test | Holdout R: ['EC58', 'EC60'], S: ['EC33', 'EC39']
2026-03-20 12:44:39,846 [INFO] __main__:   Train: 170176 crops (R=101433, S=68743)
2026-03-20 12:44:39,846 [INFO] __main__:   Val:   34601 crops (R=10000, S=24601)
2026-03-20 12:44:39,847 [INFO] __main__:   Class weights: S=1.24, R=0.84
2026-03-20 12:45:07,086 [INFO] __main__:   Fold 1 Epoch 20 - Loss: 0.6865 Val AUC: 0.5695
2026-03-20 12:45:26,738 [INFO] __main__:   Fold 1 best val AUC: 0.5904
2026-03-20 12:45:28,893 [INFO] __main__:   Fold 1 test: Accuracy=0.5455, AUROC=0.8000
2026-03-20 12:45:28,893 [INFO] __main__:     @ 5min: 0.5455
2026-03-20 12:45:28,893 [INFO] __main__:     @10min: 0.3636
2026-03-20 12:45:28,893 [INFO] __main__:     @15min: 0.5455
2026-03-20 12:45:28,893 [INFO] __main__:     @20min: 0.5455
2026-03-20 12:45:28,893 [INFO] __main__:     @25min: 0.5455
2026-03-20 12:45:28,893 [INFO] __main__:     @30min: 0.6364
2026-03-20 12:45:28,893 [INFO] __main__:     @40min: 0.5455
2026-03-20 12:45:28,893 [INFO] __main__:     @50min: 0.5455
2026-03-20 12:45:28,893 [INFO] __main__:     @60min: 0.5455
2026-03-20 12:45:29,229 [INFO] __main__: 
============================================================
2026-03-20 12:45:29,229 [INFO] __main__: FOLD 3/5
2026-03-20 12:45:29,229 [INFO] __main__: ============================================================
2026-03-20 12:45:29,229 [INFO] __main__: Fold 2: 25 train, 6 val, 11 test | Holdout R: ['EC35', 'EC87'], S: ['EC33', 'EC39']
2026-03-20 12:45:37,995 [INFO] __main__:   Train: 169457 crops (R=90000, S=79457)
2026-03-20 12:45:37,995 [INFO] __main__:   Val:   43887 crops (R=30000, S=13887)
2026-03-20 12:45:37,996 [INFO] __main__:   Class weights: S=1.07, R=0.94
2026-03-20 12:45:58,788 [INFO] __main__:   Fold 2 best val AUC: 0.4661
2026-03-20 12:46:01,712 [INFO] __main__:   Fold 2 test: Accuracy=0.5455, AUROC=0.9333
2026-03-20 12:46:01,712 [INFO] __main__:     @ 5min: 0.5455
2026-03-20 12:46:01,712 [INFO] __main__:     @10min: 0.5455
2026-03-20 12:46:01,712 [INFO] __main__:     @15min: 0.5455
2026-03-20 12:46:01,712 [INFO] __main__:     @20min: 0.5455
2026-03-20 12:46:01,712 [INFO] __main__:     @25min: 0.5455
2026-03-20 12:46:01,712 [INFO] __main__:     @30min: 0.5455
2026-03-20 12:46:01,712 [INFO] __main__:     @40min: 0.5455
2026-03-20 12:46:01,712 [INFO] __main__:     @50min: 0.5455
2026-03-20 12:46:01,712 [INFO] __main__:     @60min: 0.5455
2026-03-20 12:46:02,175 [INFO] __main__: 
============================================================
2026-03-20 12:46:02,175 [INFO] __main__: FOLD 4/5
2026-03-20 12:46:02,175 [INFO] __main__: ============================================================
2026-03-20 12:46:02,175 [INFO] __main__: Fold 3: 24 train, 6 val, 12 test | Holdout R: ['EC35', 'EC87'], S: ['EC36', 'EC39']
2026-03-20 12:46:10,650 [INFO] __main__:   Train: 167082 crops (R=100000, S=67082)
2026-03-20 12:46:10,650 [INFO] __main__:   Val:   49566 crops (R=20000, S=29566)
2026-03-20 12:46:10,651 [INFO] __main__:   Class weights: S=1.25, R=0.84
2026-03-20 12:46:27,474 [INFO] __main__:   Fold 3 best val AUC: 0.4832
2026-03-20 12:46:30,382 [INFO] __main__:   Fold 3 test: Accuracy=0.5833, AUROC=0.5556
2026-03-20 12:46:30,382 [INFO] __main__:     @ 5min: 0.5000
2026-03-20 12:46:30,382 [INFO] __main__:     @10min: 0.5000
2026-03-20 12:46:30,383 [INFO] __main__:     @15min: 0.6667
2026-03-20 12:46:30,383 [INFO] __main__:     @20min: 0.5833
2026-03-20 12:46:30,383 [INFO] __main__:     @25min: 0.5833
2026-03-20 12:46:30,383 [INFO] __main__:     @30min: 0.5833
2026-03-20 12:46:30,383 [INFO] __main__:     @40min: 0.5833
2026-03-20 12:46:30,383 [INFO] __main__:     @50min: 0.5833
2026-03-20 12:46:30,383 [INFO] __main__:     @60min: 0.5833
2026-03-20 12:46:30,717 [INFO] __main__: 
============================================================
2026-03-20 12:46:30,718 [INFO] __main__: FOLD 5/5
2026-03-20 12:46:30,718 [INFO] __main__: ============================================================
2026-03-20 12:46:30,718 [INFO] __main__: Fold 4: 25 train, 6 val, 11 test | Holdout R: ['EC40', 'EC48'], S: ['EC39', 'EC67']
2026-03-20 12:46:37,137 [INFO] __main__:   Train: 156328 crops (R=81433, S=74895)
2026-03-20 12:46:37,138 [INFO] __main__:   Val:   40000 crops (R=30000, S=10000)
2026-03-20 12:46:37,139 [INFO] __main__:   Class weights: S=1.04, R=0.96
2026-03-20 12:46:57,818 [INFO] __main__:   Fold 4 Epoch 20 - Loss: 0.6911 Val AUC: 0.5195
2026-03-20 12:46:59,646 [INFO] __main__:   Fold 4 best val AUC: 0.5540
2026-03-20 12:47:02,512 [INFO] __main__:   Fold 4 test: Accuracy=0.3636, AUROC=0.2667
2026-03-20 12:47:02,513 [INFO] __main__:     @ 5min: 0.5455
2026-03-20 12:47:02,513 [INFO] __main__:     @10min: 0.5455
2026-03-20 12:47:02,513 [INFO] __main__:     @15min: 0.5455
2026-03-20 12:47:02,513 [INFO] __main__:     @20min: 0.4545
2026-03-20 12:47:02,513 [INFO] __main__:     @25min: 0.4545
2026-03-20 12:47:02,513 [INFO] __main__:     @30min: 0.4545
2026-03-20 12:47:02,513 [INFO] __main__:     @40min: 0.4545
2026-03-20 12:47:02,513 [INFO] __main__:     @50min: 0.4545
2026-03-20 12:47:02,513 [INFO] __main__:     @60min: 0.4545
2026-03-20 12:47:03,036 [INFO] __main__: 
============================================================
2026-03-20 12:47:03,036 [INFO] __main__: AGGREGATE RESULTS (Per-Crop MLP)
2026-03-20 12:47:03,036 [INFO] __main__: ============================================================
2026-03-20 12:47:03,036 [INFO] __main__: 
Experiment AUROC: 0.6611 +/- 0.2315
2026-03-20 12:47:03,036 [INFO] __main__: Experiment Accuracy: 0.5076 +/- 0.0767
2026-03-20 12:47:03,036 [INFO] __main__: 
Accuracy vs cumulative time:
2026-03-20 12:47:03,036 [INFO] __main__:     5 min: 0.5273 +/- 0.0223
2026-03-20 12:47:03,036 [INFO] __main__:    10 min: 0.4909 +/- 0.0668
2026-03-20 12:47:03,036 [INFO] __main__:    15 min: 0.5606 +/- 0.0559
2026-03-20 12:47:03,036 [INFO] __main__:    20 min: 0.5424 +/- 0.0471
2026-03-20 12:47:03,036 [INFO] __main__:    25 min: 0.5091 +/- 0.0627
2026-03-20 12:47:03,036 [INFO] __main__:    30 min: 0.5606 +/- 0.0604
2026-03-20 12:47:03,037 [INFO] __main__:    40 min: 0.5424 +/- 0.0471
2026-03-20 12:47:03,037 [INFO] __main__:    50 min: 0.5424 +/- 0.0471
2026-03-20 12:47:03,037 [INFO] __main__:    60 min: 0.5258 +/- 0.0443
2026-03-20 12:47:03,042 [INFO] __main__: 
Results saved to results_crop_mlp_v3
2026-03-20 12:47:03,042 [INFO] __main__:   Summary:  results_crop_mlp_v3/strain_holdout_results.json
2026-03-20 12:47:03,042 [INFO] __main__:   Details:  results_crop_mlp_v3/per_experiment_details.json
2026-03-20 12:47:03,042 [INFO] __main__:   Plots:    results_crop_mlp_v3/plots
