2026-03-20 11:09:56,492 [INFO] __main__:   Susceptible EC126: 3 experiments
2026-03-20 11:09:56,492 [INFO] __main__:   Susceptible EC33: 2 experiments
2026-03-20 11:09:56,492 [INFO] __main__:   Susceptible EC36: 3 experiments
2026-03-20 11:09:56,492 [INFO] __main__:   Susceptible EC39: 3 experiments
2026-03-20 11:09:56,492 [INFO] __main__:   Susceptible EC42: 3 experiments
2026-03-20 11:09:56,492 [INFO] __main__:   Susceptible EC67: 3 experiments
2026-03-20 11:09:56,492 [INFO] __main__:   Susceptible EC79: 3 experiments
2026-03-20 11:09:56,492 [INFO] __main__:   Susceptible EC89: 3 experiments
2026-03-20 11:09:56,492 [INFO] __main__:   Resistant EC35: 3 experiments
2026-03-20 11:09:56,492 [INFO] __main__:   Resistant EC40: 3 experiments
2026-03-20 11:09:56,492 [INFO] __main__:   Resistant EC48: 2 experiments
2026-03-20 11:09:56,492 [INFO] __main__:   Resistant EC58: 3 experiments
2026-03-20 11:09:56,492 [INFO] __main__:   Resistant EC60: 3 experiments
2026-03-20 11:09:56,492 [INFO] __main__:   Resistant EC65: 2 experiments
2026-03-20 11:09:56,492 [INFO] __main__:   Resistant EC87: 3 experiments
2026-03-20 11:09:56,492 [INFO] ast_classifier.scripts.strain_holdout_eval: Strains: 7 resistant (['EC35', 'EC40', 'EC48', 'EC58', 'EC60', 'EC65', 'EC87']), 8 susceptible (['EC126', 'EC33', 'EC36', 'EC39', 'EC42', 'EC67', 'EC79', 'EC89'])
2026-03-20 11:09:56,492 [INFO] __main__: 
============================================================
2026-03-20 11:09:56,492 [INFO] __main__: FOLD 1/5
2026-03-20 11:09:56,492 [INFO] __main__: ============================================================
2026-03-20 11:09:56,492 [INFO] __main__: Fold 0: 24 train, 6 val, 12 test | Holdout R: ['EC58', 'EC87'], S: ['EC36', 'EC39']
2026-03-20 11:10:04,960 [INFO] __main__:   Train: 175605 crops (R=100000, S=75605)
2026-03-20 11:10:04,960 [INFO] __main__:   Val:   45055 crops (R=11643, S=33412)
2026-03-20 11:10:05,218 [INFO] __main__:   Class weights: S=1.16, R=0.88
2026-03-20 11:10:05,224 [INFO] __main__:   CropMLP parameters: 58,050
2026-03-20 11:10:32,806 [INFO] __main__:   Fold 0 best val AUC: 0.6466
2026-03-20 11:10:37,202 [INFO] __main__:   Fold 0 test: Accuracy=0.5000, AUROC=0.4722
2026-03-20 11:10:37,202 [INFO] __main__:     @ 5min: 0.5000
2026-03-20 11:10:37,202 [INFO] __main__:     @10min: 0.4167
2026-03-20 11:10:37,202 [INFO] __main__:     @15min: 0.5000
2026-03-20 11:10:37,203 [INFO] __main__:     @20min: 0.4167
2026-03-20 11:10:37,203 [INFO] __main__:     @25min: 0.5000
2026-03-20 11:10:37,203 [INFO] __main__:     @30min: 0.5000
2026-03-20 11:10:37,203 [INFO] __main__:     @40min: 0.5000
2026-03-20 11:10:37,203 [INFO] __main__:     @50min: 0.6667
2026-03-20 11:10:37,203 [INFO] __main__:     @60min: 0.5000
2026-03-20 11:10:37,561 [INFO] __main__: 
============================================================
2026-03-20 11:10:37,561 [INFO] __main__: FOLD 2/5
2026-03-20 11:10:37,561 [INFO] __main__: ============================================================
2026-03-20 11:10:37,561 [INFO] __main__: Fold 1: 25 train, 6 val, 11 test | Holdout R: ['EC58', 'EC60'], S: ['EC33', 'EC39']
2026-03-20 11:10:47,151 [INFO] __main__:   Train: 177846 crops (R=101643, S=76203)
2026-03-20 11:10:47,152 [INFO] __main__:   Val:   38813 crops (R=10000, S=28813)
2026-03-20 11:10:47,153 [INFO] __main__:   Class weights: S=1.17, R=0.87
2026-03-20 11:11:13,478 [INFO] __main__:   Fold 1 best val AUC: 0.6012
2026-03-20 11:11:16,262 [INFO] __main__:   Fold 1 test: Accuracy=0.4545, AUROC=0.6333
2026-03-20 11:11:16,262 [INFO] __main__:     @ 5min: 0.5455
2026-03-20 11:11:16,262 [INFO] __main__:     @10min: 0.4545
2026-03-20 11:11:16,262 [INFO] __main__:     @15min: 0.4545
2026-03-20 11:11:16,262 [INFO] __main__:     @20min: 0.4545
2026-03-20 11:11:16,262 [INFO] __main__:     @25min: 0.4545
2026-03-20 11:11:16,262 [INFO] __main__:     @30min: 0.5455
2026-03-20 11:11:16,262 [INFO] __main__:     @40min: 0.4545
2026-03-20 11:11:16,262 [INFO] __main__:     @50min: 0.5455
2026-03-20 11:11:16,262 [INFO] __main__:     @60min: 0.4545
2026-03-20 11:11:16,594 [INFO] __main__: 
============================================================
2026-03-20 11:11:16,594 [INFO] __main__: FOLD 3/5
2026-03-20 11:11:16,594 [INFO] __main__: ============================================================
2026-03-20 11:11:16,594 [INFO] __main__: Fold 2: 25 train, 6 val, 11 test | Holdout R: ['EC35', 'EC87'], S: ['EC33', 'EC39']
2026-03-20 11:11:25,019 [INFO] __main__:   Train: 180298 crops (R=90000, S=90298)
2026-03-20 11:11:25,020 [INFO] __main__:   Val:   44718 crops (R=30000, S=14718)
2026-03-20 11:11:25,020 [INFO] __main__:   Class weights: S=1.00, R=1.00
2026-03-20 11:11:52,168 [INFO] __main__:   Fold 2 Epoch 20 - Loss: 0.6721 Val AUC: 0.4521
2026-03-20 11:11:53,472 [INFO] __main__:   Fold 2 best val AUC: 0.4690
2026-03-20 11:11:57,268 [INFO] __main__:   Fold 2 test: Accuracy=0.7273, AUROC=1.0000
2026-03-20 11:11:57,268 [INFO] __main__:     @ 5min: 0.5455
2026-03-20 11:11:57,268 [INFO] __main__:     @10min: 0.4545
2026-03-20 11:11:57,268 [INFO] __main__:     @15min: 0.5455
2026-03-20 11:11:57,268 [INFO] __main__:     @20min: 0.4545
2026-03-20 11:11:57,268 [INFO] __main__:     @25min: 0.9091
2026-03-20 11:11:57,268 [INFO] __main__:     @30min: 0.8182
2026-03-20 11:11:57,268 [INFO] __main__:     @40min: 0.8182
2026-03-20 11:11:57,268 [INFO] __main__:     @50min: 0.7273
2026-03-20 11:11:57,268 [INFO] __main__:     @60min: 0.7273
2026-03-20 11:11:57,602 [INFO] __main__: 
============================================================
2026-03-20 11:11:57,602 [INFO] __main__: FOLD 4/5
2026-03-20 11:11:57,602 [INFO] __main__: ============================================================
2026-03-20 11:11:57,602 [INFO] __main__: Fold 3: 24 train, 6 val, 12 test | Holdout R: ['EC35', 'EC87'], S: ['EC36', 'EC39']
2026-03-20 11:12:07,354 [INFO] __main__:   Train: 174786 crops (R=100000, S=74786)
2026-03-20 11:12:07,354 [INFO] __main__:   Val:   54231 crops (R=20000, S=34231)
2026-03-20 11:12:07,355 [INFO] __main__:   Class weights: S=1.17, R=0.87
2026-03-20 11:12:31,672 [INFO] __main__:   Fold 3 best val AUC: 0.4419
2026-03-20 11:12:35,178 [INFO] __main__:   Fold 3 test: Accuracy=0.3333, AUROC=0.1389
2026-03-20 11:12:35,178 [INFO] __main__:     @ 5min: 0.5000
2026-03-20 11:12:35,178 [INFO] __main__:     @10min: 0.5000
2026-03-20 11:12:35,178 [INFO] __main__:     @15min: 0.5000
2026-03-20 11:12:35,178 [INFO] __main__:     @20min: 0.5000
2026-03-20 11:12:35,178 [INFO] __main__:     @25min: 0.5000
2026-03-20 11:12:35,178 [INFO] __main__:     @30min: 0.5000
2026-03-20 11:12:35,178 [INFO] __main__:     @40min: 0.4167
2026-03-20 11:12:35,178 [INFO] __main__:     @50min: 0.4167
2026-03-20 11:12:35,178 [INFO] __main__:     @60min: 0.3333
2026-03-20 11:12:35,642 [INFO] __main__: 
============================================================
2026-03-20 11:12:35,642 [INFO] __main__: FOLD 5/5
2026-03-20 11:12:35,642 [INFO] __main__: ============================================================
2026-03-20 11:12:35,642 [INFO] __main__: Fold 4: 25 train, 6 val, 11 test | Holdout R: ['EC40', 'EC48'], S: ['EC39', 'EC67']
2026-03-20 11:12:44,700 [INFO] __main__:   Train: 164559 crops (R=81643, S=82916)
2026-03-20 11:12:44,700 [INFO] __main__:   Val:   40000 crops (R=30000, S=10000)
2026-03-20 11:12:44,701 [INFO] __main__:   Class weights: S=0.99, R=1.01
2026-03-20 11:13:04,492 [INFO] __main__:   Fold 4 Epoch 20 - Loss: 0.6778 Val AUC: 0.4656
2026-03-20 11:13:17,609 [INFO] __main__:   Fold 4 best val AUC: 0.4915
2026-03-20 11:13:21,129 [INFO] __main__:   Fold 4 test: Accuracy=0.4545, AUROC=0.5667
2026-03-20 11:13:21,129 [INFO] __main__:     @ 5min: 0.4545
2026-03-20 11:13:21,129 [INFO] __main__:     @10min: 0.4545
2026-03-20 11:13:21,129 [INFO] __main__:     @15min: 0.4545
2026-03-20 11:13:21,129 [INFO] __main__:     @20min: 0.5455
2026-03-20 11:13:21,129 [INFO] __main__:     @25min: 0.4545
2026-03-20 11:13:21,129 [INFO] __main__:     @30min: 0.4545
2026-03-20 11:13:21,129 [INFO] __main__:     @40min: 0.4545
2026-03-20 11:13:21,129 [INFO] __main__:     @50min: 0.4545
2026-03-20 11:13:21,129 [INFO] __main__:     @60min: 0.4545
2026-03-20 11:13:21,659 [INFO] __main__: 
============================================================
2026-03-20 11:13:21,659 [INFO] __main__: AGGREGATE RESULTS (Per-Crop MLP)
2026-03-20 11:13:21,659 [INFO] __main__: ============================================================
2026-03-20 11:13:21,659 [INFO] __main__: 
Experiment AUROC: 0.5622 +/- 0.2771
2026-03-20 11:13:21,659 [INFO] __main__: Experiment Accuracy: 0.4939 +/- 0.1291
2026-03-20 11:13:21,659 [INFO] __main__: 
Accuracy vs cumulative time:
2026-03-20 11:13:21,659 [INFO] __main__:     5 min: 0.5091 +/- 0.0340
2026-03-20 11:13:21,659 [INFO] __main__:    10 min: 0.4561 +/- 0.0264
2026-03-20 11:13:21,659 [INFO] __main__:    15 min: 0.4909 +/- 0.0340
2026-03-20 11:13:21,659 [INFO] __main__:    20 min: 0.4742 +/- 0.0443
2026-03-20 11:13:21,659 [INFO] __main__:    25 min: 0.5636 +/- 0.1739
2026-03-20 11:13:21,659 [INFO] __main__:    30 min: 0.5636 +/- 0.1305
2026-03-20 11:13:21,659 [INFO] __main__:    40 min: 0.5288 +/- 0.1471
2026-03-20 11:13:21,659 [INFO] __main__:    50 min: 0.5621 +/- 0.1193
2026-03-20 11:13:21,660 [INFO] __main__:    60 min: 0.4939 +/- 0.1291
2026-03-20 11:13:21,666 [INFO] __main__: 
Results saved to results_crop_mlp_v2
2026-03-20 11:13:21,666 [INFO] __main__:   Summary:  results_crop_mlp_v2/strain_holdout_results.json
2026-03-20 11:13:21,666 [INFO] __main__:   Details:  results_crop_mlp_v2/per_experiment_details.json
2026-03-20 11:13:21,666 [INFO] __main__:   Plots:    results_crop_mlp_v2/plots
